exports[`Comments commentParser() failure Getting object from S3 bucket should return error 1`] = `
Object {
  "body": Object {
    "message": "Something went wrong",
  },
  "statusCode": 500,
}
`;

exports[`Comments commentParser() success Gets JSON comment file from S3 bucket 1`] = `"{\"postId\":1,\"id\":1,\"name\":\"id labore ex et quam laborum\",\"email\":\"Eliseo@gardner.biz\",\"body\":\"laudantium enim quasi est quidem magnam voluptate ipsam eos\"}"`;

exports[`Comments commentSaver() failure saving message to S3 bucket should fail because bucket does not exist 1`] = `
Object {
  "body": Object {
    "message": "Something went wrong",
  },
  "statusCode": 500,
}
`;

exports[`Comments commentSaver() success message received from SNS should be saved in S3 bucket 1`] = `
Object {
  "body": "\"foo\"",
  "statusCode": 200,
}
`;

exports[`Comments getComment() Failure API fetch should fail 1`] = `
Object {
  "body": Object {
    "message": "Something went wrong",
  },
  "statusCode": 500,
}
`;

exports[`Comments getComment() Succes Fetches JSON from API and publishes to SNS 1`] = `"{\"postId\":1,\"id\":1,\"name\":\"id labore ex et quam laborum\",\"email\":\"Eliseo@gardner.biz\",\"body\":\"laudantium enim quasi est quidem magnam voluptate ipsam eos\"}"`;
